2026-09-21 06:35:28.253: [INFO] CurrentProfilePath: C:\Users\alumno\eclipse-workspace\.metadata\.plugins\org.eclipse.swt\EBWebView\Default
2026-09-21 06:35:28.253: [INFO] Profiles total count: 1
2026-09-21 06:35:28.253: [INFO] Profile: name=Perfil 1 path=C:\Users\alumno\eclipse-workspace\.metadata\.plugins\org.eclipse.swt\EBWebView\Default lastActive=null
2026-09-21 06:35:28.253: [INFO] LastUsedProfileDir: C:\Users\alumno\eclipse-workspace\.metadata\.plugins\org.eclipse.swt\EBWebView\Default
2026-09-21 06:35:28.253: [INFO] OnDoneLoading sync enabled: 0
2026-09-21 06:35:28.253: [INFO] BookmarkModelLoaded, ids_reassigned: 0
2026-09-21 06:35:28.253: [INFO] BookmarksLoadDropped droppedNodes=0
2026-09-21 06:35:28.253: [INFO] BookmarksSnapshot Startup total=0 bar=0 other=0 mobile=0 showBar=0 showBarNTP=1
2026-09-21 06:35:36.534: [INFO] BookmarksSnapshot Shutdown total=0 bar=0 other=0 mobile=0 showBar=0 showBarNTP=1
2026-09-21 06:35:36.953: [INFO] CurrentProfilePath: C:\Users\alumno\eclipse-workspace\.metadata\.plugins\org.eclipse.swt\EBWebView\Default
2026-09-21 06:35:36.953: [INFO] Profiles total count: 1
2026-09-21 06:35:36.953: [INFO] Profile: name=Perfil 1 path=C:\Users\alumno\eclipse-workspace\.metadata\.plugins\org.eclipse.swt\EBWebView\Default lastActive=2026-09-21T06:35:34.743Z
2026-09-21 06:35:36.953: [INFO] LastUsedProfileDir: C:\Users\alumno\eclipse-workspace\.metadata\.plugins\org.eclipse.swt\EBWebView\Default
2026-09-21 06:35:36.953: [INFO] MostRecentlyActiveProfile: name=Perfil 1 path=C:\Users\alumno\eclipse-workspace\.metadata\.plugins\org.eclipse.swt\EBWebView\Default lastActive=2026-09-21T06:35:34.743Z
2026-09-21 06:35:36.953: [INFO] OnDoneLoading sync enabled: 0
2026-09-21 06:35:36.953: [INFO] BookmarkModelLoaded, ids_reassigned: 0
2026-09-21 06:35:36.953: [INFO] BookmarksLoadDropped droppedNodes=0
2026-09-21 06:35:36.953: [INFO] BookmarksSnapshot Startup total=0 bar=0 other=0 mobile=0 showBar=0 showBarNTP=1
2026-09-21 06:53:34.576: [INFO] BookmarksSnapshot Shutdown total=0 bar=0 other=0 mobile=0 showBar=0 showBarNTP=1
2026-09-21 06:53:56.440: [INFO] CurrentProfilePath: C:\Users\alumno\eclipse-workspace\.metadata\.plugins\org.eclipse.swt\EBWebView\Default
2026-09-21 06:53:56.440: [INFO] Profiles total count: 1
2026-09-21 06:53:56.440: [INFO] Profile: name=Perfil 1 path=C:\Users\alumno\eclipse-workspace\.metadata\.plugins\org.eclipse.swt\EBWebView\Default lastActive=2026-09-21T06:46:40.732Z
2026-09-21 06:53:56.440: [INFO] LastUsedProfileDir: C:\Users\alumno\eclipse-workspace\.metadata\.plugins\org.eclipse.swt\EBWebView\Default
2026-09-21 06:53:56.440: [INFO] MostRecentlyActiveProfile: name=Perfil 1 path=C:\Users\alumno\eclipse-workspace\.metadata\.plugins\org.eclipse.swt\EBWebView\Default lastActive=2026-09-21T06:46:40.732Z
2026-09-21 06:53:56.440: [INFO] OnDoneLoading sync enabled: 0
2026-09-21 06:53:56.440: [INFO] BookmarkModelLoaded, ids_reassigned: 0
2026-09-21 06:53:56.440: [INFO] BookmarksLoadDropped droppedNodes=0
2026-09-21 06:53:56.440: [INFO] BookmarksSnapshot Startup total=0 bar=0 other=0 mobile=0 showBar=0 showBarNTP=1
2026-09-21 08:14:51.998: [INFO] BookmarksSnapshot Shutdown total=0 bar=0 other=0 mobile=0 showBar=0 showBarNTP=1
2026-09-21 08:15:19.629: [INFO] CurrentProfilePath: C:\Users\alumno\eclipse-workspace\.metadata\.plugins\org.eclipse.swt\EBWebView\Default
2026-09-21 08:15:19.629: [INFO] Profiles total count: 1
2026-09-21 08:15:19.629: [INFO] Profile: name=Perfil 1 path=C:\Users\alumno\eclipse-workspace\.metadata\.plugins\org.eclipse.swt\EBWebView\Default lastActive=2026-09-21T06:58:06.855Z
2026-09-21 08:15:19.629: [INFO] LastUsedProfileDir: C:\Users\alumno\eclipse-workspace\.metadata\.plugins\org.eclipse.swt\EBWebView\Default
2026-09-21 08:15:19.629: [INFO] MostRecentlyActiveProfile: name=Perfil 1 path=C:\Users\alumno\eclipse-workspace\.metadata\.plugins\org.eclipse.swt\EBWebView\Default lastActive=2026-09-21T06:58:06.855Z
2026-09-21 08:15:19.629: [INFO] OnDoneLoading sync enabled: 0
2026-09-21 08:15:19.629: [INFO] BookmarkModelLoaded, ids_reassigned: 0
2026-09-21 08:15:19.629: [INFO] BookmarksLoadDropped droppedNodes=0
2026-09-21 08:15:19.629: [INFO] BookmarksSnapshot Startup total=0 bar=0 other=0 mobile=0 showBar=0 showBarNTP=1
2026-09-21 08:41:26.317: [INFO] BookmarksSnapshot Shutdown total=0 bar=0 other=0 mobile=0 showBar=0 showBarNTP=1
2026-09-21 08:44:02.414: [INFO] CurrentProfilePath: C:\Users\alumno\Desktop\AccesoDatos2\.metadata\.plugins\org.eclipse.swt\EBWebView\Default
2026-09-21 08:44:02.414: [INFO] Profiles total count: 1
2026-09-21 08:44:02.414: [INFO] Profile: name=Perfil 1 path=C:\Users\alumno\Desktop\AccesoDatos2\.metadata\.plugins\org.eclipse.swt\EBWebView\Default lastActive=2026-09-21T08:28:45.395Z
2026-09-21 08:44:02.414: [INFO] LastUsedProfileDir: C:\Users\alumno\Desktop\AccesoDatos2\.metadata\.plugins\org.eclipse.swt\EBWebView\Default
2026-09-21 08:44:02.414: [INFO] MostRecentlyActiveProfile: name=Perfil 1 path=C:\Users\alumno\Desktop\AccesoDatos2\.metadata\.plugins\org.eclipse.swt\EBWebView\Default lastActive=2026-09-21T08:28:45.395Z
2026-09-21 08:44:02.414: [INFO] OnDoneLoading sync enabled: 0
2026-09-21 08:44:02.414: [INFO] BookmarkModelLoaded, ids_reassigned: 0
2026-09-21 08:44:02.414: [INFO] BookmarksLoadDropped droppedNodes=0
2026-09-21 08:44:02.414: [INFO] BookmarksSnapshot Startup total=0 bar=0 other=0 mobile=0 showBar=0 showBarNTP=1
2026-09-21 09:43:46.210: [INFO] CurrentProfilePath: C:\Users\alumno\Desktop\AccesoDatos2\.metadata\.plugins\org.eclipse.swt\EBWebView\Default
2026-09-21 09:43:46.210: [INFO] Profiles total count: 1
2026-09-21 09:43:46.210: [INFO] Profile: name=Perfil 1 path=C:\Users\alumno\Desktop\AccesoDatos2\.metadata\.plugins\org.eclipse.swt\EBWebView\Default lastActive=2026-09-21T08:28:45.395Z
2026-09-21 09:43:46.210: [INFO] LastUsedProfileDir: C:\Users\alumno\Desktop\AccesoDatos2\.metadata\.plugins\org.eclipse.swt\EBWebView\Default
2026-09-21 09:43:46.210: [INFO] MostRecentlyActiveProfile: name=Perfil 1 path=C:\Users\alumno\Desktop\AccesoDatos2\.metadata\.plugins\org.eclipse.swt\EBWebView\Default lastActive=2026-09-21T08:28:45.395Z
2026-09-21 09:43:46.210: [INFO] OnDoneLoading sync enabled: 0
2026-09-21 09:43:46.210: [INFO] BookmarkModelLoaded, ids_reassigned: 0
2026-09-21 09:43:46.210: [INFO] BookmarksLoadDropped droppedNodes=0
2026-09-21 09:43:46.210: [INFO] BookmarksSnapshot Startup total=0 bar=0 other=0 mobile=0 showBar=0 showBarNTP=1
2026-09-21 10:28:33.569: [INFO] BookmarksSnapshot Shutdown total=0 bar=0 other=0 mobile=0 showBar=0 showBarNTP=1
2026-09-21 18:40:29.184: [INFO] CurrentProfilePath: C:\Users\Usuario\Desktop\Clase\AccesoDatos2\.metadata\.plugins\org.eclipse.swt\EBWebView\Default
2026-09-21 18:40:29.184: [INFO] Profiles total count: 1
2026-09-21 18:40:29.184: [INFO] Profile: name=Perfil 1 path=C:\Users\Usuario\Desktop\Clase\AccesoDatos2\.metadata\.plugins\org.eclipse.swt\EBWebView\Default lastActive=2026-09-21T09:47:11.320Z
2026-09-21 18:40:29.184: [INFO] LastUsedProfileDir: C:\Users\Usuario\Desktop\Clase\AccesoDatos2\.metadata\.plugins\org.eclipse.swt\EBWebView\Default
2026-09-21 18:40:29.184: [INFO] MostRecentlyActiveProfile: name=Perfil 1 path=C:\Users\Usuario\Desktop\Clase\AccesoDatos2\.metadata\.plugins\org.eclipse.swt\EBWebView\Default lastActive=2026-09-21T09:47:11.320Z
2026-09-21 18:40:29.184: [INFO] OnDoneLoading sync enabled: 0
2026-09-21 18:40:29.184: [INFO] BookmarkModelLoaded, ids_reassigned: 0
2026-09-21 18:40:29.184: [INFO] BookmarksLoadDropped droppedNodes=0
2026-09-21 18:40:29.184: [INFO] BookmarksSnapshot Startup total=0 bar=0 other=0 mobile=0 showBar=0 showBarNTP=1
2026-09-21 18:44:52.549: [INFO] BookmarksSnapshot Shutdown total=0 bar=0 other=0 mobile=0 showBar=0 showBarNTP=1
2026-09-21 18:49:51.431: [INFO] CurrentProfilePath: C:\Users\Usuario\Desktop\Clase\AccesoDatos2\.metadata\.plugins\org.eclipse.swt\EBWebView\Default
2026-09-21 18:49:51.431: [INFO] Profiles total count: 1
2026-09-21 18:49:51.431: [INFO] Profile: name=Perfil 1 path=C:\Users\Usuario\Desktop\Clase\AccesoDatos2\.metadata\.plugins\org.eclipse.swt\EBWebView\Default lastActive=2026-09-21T09:47:11.320Z
2026-09-21 18:49:51.431: [INFO] LastUsedProfileDir: C:\Users\Usuario\Desktop\Clase\AccesoDatos2\.metadata\.plugins\org.eclipse.swt\EBWebView\Default
2026-09-21 18:49:51.431: [INFO] MostRecentlyActiveProfile: name=Perfil 1 path=C:\Users\Usuario\Desktop\Clase\AccesoDatos2\.metadata\.plugins\org.eclipse.swt\EBWebView\Default lastActive=2026-09-21T09:47:11.320Z
2026-09-21 18:49:51.431: [INFO] OnDoneLoading sync enabled: 0
2026-09-21 18:49:51.431: [INFO] BookmarkModelLoaded, ids_reassigned: 0
2026-09-21 18:49:51.431: [INFO] BookmarksLoadDropped droppedNodes=0
2026-09-21 18:49:51.431: [INFO] BookmarksSnapshot Startup total=0 bar=0 other=0 mobile=0 showBar=0 showBarNTP=1
2026-09-21 18:51:24.875: [INFO] BookmarksSnapshot Shutdown total=0 bar=0 other=0 mobile=0 showBar=0 showBarNTP=1
2026-09-21 18:55:57.017: [INFO] CurrentProfilePath: C:\Users\Usuario\Desktop\Clase\AccesoDatos2\.metadata\.plugins\org.eclipse.swt\EBWebView\Default
2026-09-21 18:55:57.017: [INFO] Profiles total count: 1
2026-09-21 18:55:57.017: [INFO] Profile: name=Perfil 1 path=C:\Users\Usuario\Desktop\Clase\AccesoDatos2\.metadata\.plugins\org.eclipse.swt\EBWebView\Default lastActive=2026-09-21T09:47:11.320Z
2026-09-21 18:55:57.017: [INFO] LastUsedProfileDir: C:\Users\Usuario\Desktop\Clase\AccesoDatos2\.metadata\.plugins\org.eclipse.swt\EBWebView\Default
2026-09-21 18:55:57.017: [INFO] MostRecentlyActiveProfile: name=Perfil 1 path=C:\Users\Usuario\Desktop\Clase\AccesoDatos2\.metadata\.plugins\org.eclipse.swt\EBWebView\Default lastActive=2026-09-21T09:47:11.320Z
2026-09-21 18:55:57.017: [INFO] OnDoneLoading sync enabled: 0
2026-09-21 18:55:57.017: [INFO] BookmarkModelLoaded, ids_reassigned: 0
2026-09-21 18:55:57.017: [INFO] BookmarksLoadDropped droppedNodes=0
2026-09-21 18:55:57.017: [INFO] BookmarksSnapshot Startup total=0 bar=0 other=0 mobile=0 showBar=0 showBarNTP=1
2026-09-21 20:08:41.098: [INFO] BookmarksSnapshot Shutdown total=0 bar=0 other=0 mobile=0 showBar=0 showBarNTP=1
2026-09-22 08:07:41.088: [INFO] CurrentProfilePath: C:\Users\alumno\Desktop\AccesoDatos2\.metadata\.plugins\org.eclipse.swt\EBWebView\Default
2026-09-22 08:07:41.088: [INFO] Profiles total count: 1
2026-09-22 08:07:41.088: [INFO] Profile: name=Perfil 1 path=C:\Users\alumno\Desktop\AccesoDatos2\.metadata\.plugins\org.eclipse.swt\EBWebView\Default lastActive=2026-09-21T09:47:11.320Z
2026-09-22 08:07:41.088: [INFO] LastUsedProfileDir: C:\Users\alumno\Desktop\AccesoDatos2\.metadata\.plugins\org.eclipse.swt\EBWebView\Default
2026-09-22 08:07:41.088: [INFO] MostRecentlyActiveProfile: name=Perfil 1 path=C:\Users\alumno\Desktop\AccesoDatos2\.metadata\.plugins\org.eclipse.swt\EBWebView\Default lastActive=2026-09-21T09:47:11.320Z
2026-09-22 08:07:41.088: [INFO] OnDoneLoading sync enabled: 0
2026-09-22 08:07:41.088: [INFO] BookmarkModelLoaded, ids_reassigned: 0
2026-09-22 08:07:41.088: [INFO] BookmarksLoadDropped droppedNodes=0
2026-09-22 08:07:41.088: [INFO] BookmarksSnapshot Startup total=0 bar=0 other=0 mobile=0 showBar=0 showBarNTP=1
2026-09-22 09:00:24.688: [INFO] BookmarksSnapshot Shutdown total=0 bar=0 other=0 mobile=0 showBar=0 showBarNTP=1
